2026-01-31 19:35:17,890 | [32mINFO[0m | depth_estimation | __init__:47 | ============================================================
2026-01-31 19:35:17,890 | [32mINFO[0m | depth_estimation | __init__:48 | ZED ArUco Depth Estimation v2.0 시작
2026-01-31 19:35:17,891 | [32mINFO[0m | depth_estimation | __init__:49 | ============================================================
2026-01-31 19:35:17,891 | [32mINFO[0m | depth_estimation.marker | __init__:62 | ArUco Detector 초기화 (레거시 API)
2026-01-31 19:35:17,891 | [32mINFO[0m | depth_estimation.marker | __init__:64 | 타겟 마커 ID: 30
2026-01-31 19:35:17,891 | [32mINFO[0m | depth_estimation.marker | __init__:65 | ArUco Dictionary: DICT_4X4_50
2026-01-31 19:35:17,897 | [32mINFO[0m | depth_estimation.web | __init__:60 | Flask 웹 서버 초기화 완료
2026-01-31 19:35:17,898 | [32mINFO[0m | depth_estimation | run:257 | ZED 카메라 초기화 중...
2026-01-31 19:35:20,920 | [32mINFO[0m | depth_estimation.camera | open:94 | ZED 카메라 초기화 완료
2026-01-31 19:35:20,920 | [32mINFO[0m | depth_estimation.camera | open:95 |   - 해상도: HD1080
2026-01-31 19:35:20,921 | [32mINFO[0m | depth_estimation.camera | open:96 |   - FPS: 30
2026-01-31 19:35:20,921 | [32mINFO[0m | depth_estimation.camera | open:97 |   - Depth 모드: NEURAL_PLUS
2026-01-31 19:35:20,921 | [32mINFO[0m | depth_estimation | _camera_loop:231 | 카메라 루프 시작
2026-01-31 19:35:20,922 | [32mINFO[0m | depth_estimation | run:266 | Flask 웹 서버 시작...
2026-01-31 19:35:21,080 | [32mINFO[0m | depth_estimation | run:267 | 브라우저에서 http://0.0.0.0:5000 접속
2026-01-31 19:35:21,081 | [32mINFO[0m | depth_estimation.web | run:245 | Flask 서버 시작: http://0.0.0.0:5000
2026-01-31 19:35:40,028 | [32mINFO[0m | depth_estimation.measurement | set_distance:247 | 측정 거리 설정: 0.500m
2026-01-31 19:35:40,029 | [32mINFO[0m | depth_estimation.web | set_distance:101 | 거리 설정: 0.5m
2026-01-31 19:35:45,228 | [32mINFO[0m | depth_estimation.measurement | set_distance:247 | 측정 거리 설정: 5.000m
2026-01-31 19:35:45,228 | [32mINFO[0m | depth_estimation.web | set_distance:101 | 거리 설정: 5.0m
2026-01-31 19:36:37,255 | [32mINFO[0m | depth_estimation | _on_toggle_mode:109 | 측정 모드 변경: 윈도우
2026-01-31 19:36:37,255 | [32mINFO[0m | depth_estimation.web | toggle_mode:138 | 모드 변경: window
2026-01-31 19:36:40,225 | [32mINFO[0m | depth_estimation | _on_toggle_mode:109 | 측정 모드 변경: 마커 영역
2026-01-31 19:36:40,225 | [32mINFO[0m | depth_estimation.web | toggle_mode:138 | 모드 변경: marker_region
2026-01-31 19:36:41,694 | [32mINFO[0m | depth_estimation | _on_toggle_mode:109 | 측정 모드 변경: 윈도우
2026-01-31 19:36:41,694 | [32mINFO[0m | depth_estimation.web | toggle_mode:138 | 모드 변경: window
2026-01-31 19:36:43,094 | [32mINFO[0m | depth_estimation | _on_toggle_mode:109 | 측정 모드 변경: 마커 영역
2026-01-31 19:36:43,095 | [32mINFO[0m | depth_estimation.web | toggle_mode:138 | 모드 변경: marker_region
2026-01-31 19:36:45,725 | [32mINFO[0m | depth_estimation.measurement | add_measurement:237 | 측정 추가: 실제=5.000m, ZED=4995.2mm, 오차=0.10%
2026-01-31 19:36:45,751 | [32mINFO[0m | depth_estimation | _on_save_frame:101 | 이미지 저장: /home/cv_test/Desktop/depth_estimation/data/results/images/5.0m_193645.jpg
2026-01-31 19:36:45,751 | [32mINFO[0m | depth_estimation.web | save_frame:119 | 프레임 저장 요청 (#1)
2026-01-31 19:36:52,087 | [32mINFO[0m | depth_estimation.measurement | add_measurement:237 | 측정 추가: 실제=5.000m, ZED=4875.9mm, 오차=2.48%
2026-01-31 19:36:52,122 | [32mINFO[0m | depth_estimation | _on_save_frame:101 | 이미지 저장: /home/cv_test/Desktop/depth_estimation/data/results/images/5.0m_193652.jpg
2026-01-31 19:36:52,122 | [32mINFO[0m | depth_estimation.web | save_frame:119 | 프레임 저장 요청 (#3)
2026-01-31 19:37:01,986 | [32mINFO[0m | depth_estimation.measurement | add_measurement:237 | 측정 추가: 실제=5.000m, ZED=4837.6mm, 오차=3.25%
2026-01-31 19:37:02,014 | [32mINFO[0m | depth_estimation | _on_save_frame:101 | 이미지 저장: /home/cv_test/Desktop/depth_estimation/data/results/images/5.0m_193701.jpg
2026-01-31 19:37:02,015 | [32mINFO[0m | depth_estimation.web | save_frame:119 | 프레임 저장 요청 (#3)
2026-01-31 19:37:10,113 | [32mINFO[0m | depth_estimation.web | shutdown:154 | 종료 요청 수신
2026-01-31 19:37:47,037 | [32mINFO[0m | depth_estimation | _signal_handler:74 | 종료 시그널 수신
2026-01-31 19:37:47,038 | [32mINFO[0m | depth_estimation | shutdown:280 | 애플리케이션 종료 중...
2026-01-31 19:37:47,446 | [32mINFO[0m | depth_estimation.camera | close:182 | ZED 카메라 종료
2026-01-31 19:37:47,448 | [32mINFO[0m | depth_estimation.measurement | save_to_csv:275 | CSV 저장 완료: /home/cv_test/Desktop/depth_estimation/data/results/depth_val_20260131_193747.csv (3 기록)
2026-01-31 19:37:47,449 | [32mINFO[0m | depth_estimation | shutdown:293 | 측정 기록 저장 완료: /home/cv_test/Desktop/depth_estimation/data/results/depth_val_20260131_193747.csv
2026-01-31 19:37:47,449 | [32mINFO[0m | depth_estimation | shutdown:297 | ============================================================
2026-01-31 19:37:47,449 | [32mINFO[0m | depth_estimation | shutdown:298 | 측정 요약:
2026-01-31 19:37:47,449 | [32mINFO[0m | depth_estimation | shutdown:299 |   총 측정 횟수: 3
2026-01-31 19:37:47,450 | [32mINFO[0m | depth_estimation | shutdown:300 |   평균 오차율: 1.94%
2026-01-31 19:37:47,450 | [32mINFO[0m | depth_estimation | shutdown:301 |   오차율 표준편차: 1.34%
2026-01-31 19:37:47,450 | [32mINFO[0m | depth_estimation | shutdown:302 |   최소 오차율: 0.10%
2026-01-31 19:37:47,450 | [32mINFO[0m | depth_estimation | shutdown:303 |   최대 오차율: 3.25%
2026-01-31 19:37:47,450 | [32mINFO[0m | depth_estimation | shutdown:304 | ============================================================
2026-01-31 19:37:47,450 | [32mINFO[0m | depth_estimation | shutdown:309 | 종료 완료
2026-01-31 19:37:47,554 | [32mINFO[0m | depth_estimation | _camera_loop:251 | 카메라 루프 종료
2026-01-31 19:37:51,467 | [32mINFO[0m | depth_estimation | _signal_handler:74 | 종료 시그널 수신
2026-01-31 19:37:51,468 | [32mINFO[0m | depth_estimation | shutdown:280 | 애플리케이션 종료 중...
2026-01-31 19:37:51,469 | [32mINFO[0m | depth_estimation.measurement | save_to_csv:275 | CSV 저장 완료: /home/cv_test/Desktop/depth_estimation/data/results/depth_val_20260131_193751.csv (3 기록)
2026-01-31 19:37:51,470 | [32mINFO[0m | depth_estimation | shutdown:293 | 측정 기록 저장 완료: /home/cv_test/Desktop/depth_estimation/data/results/depth_val_20260131_193751.csv
2026-01-31 19:37:51,470 | [32mINFO[0m | depth_estimation | shutdown:297 | ============================================================
2026-01-31 19:37:51,471 | [32mINFO[0m | depth_estimation | shutdown:298 | 측정 요약:
2026-01-31 19:37:51,471 | [32mINFO[0m | depth_estimation | shutdown:299 |   총 측정 횟수: 3
2026-01-31 19:37:51,471 | [32mINFO[0m | depth_estimation | shutdown:300 |   평균 오차율: 1.94%
2026-01-31 19:37:51,471 | [32mINFO[0m | depth_estimation | shutdown:301 |   오차율 표준편차: 1.34%
2026-01-31 19:37:51,471 | [32mINFO[0m | depth_estimation | shutdown:302 |   최소 오차율: 0.10%
2026-01-31 19:37:51,472 | [32mINFO[0m | depth_estimation | shutdown:303 |   최대 오차율: 3.25%
2026-01-31 19:37:51,472 | [32mINFO[0m | depth_estimation | shutdown:304 | ============================================================
2026-01-31 19:37:51,472 | [32mINFO[0m | depth_estimation | shutdown:309 | 종료 완료
2026-01-31 19:37:52,254 | [32mINFO[0m | depth_estimation | _signal_handler:74 | 종료 시그널 수신
2026-01-31 19:37:52,254 | [32mINFO[0m | depth_estimation | shutdown:280 | 애플리케이션 종료 중...
2026-01-31 19:37:52,256 | [32mINFO[0m | depth_estimation.measurement | save_to_csv:275 | CSV 저장 완료: /home/cv_test/Desktop/depth_estimation/data/results/depth_val_20260131_193752.csv (3 기록)
2026-01-31 19:37:52,256 | [32mINFO[0m | depth_estimation | shutdown:293 | 측정 기록 저장 완료: /home/cv_test/Desktop/depth_estimation/data/results/depth_val_20260131_193752.csv
2026-01-31 19:37:52,257 | [32mINFO[0m | depth_estimation | shutdown:297 | ============================================================
2026-01-31 19:37:52,257 | [32mINFO[0m | depth_estimation | shutdown:298 | 측정 요약:
2026-01-31 19:37:52,258 | [32mINFO[0m | depth_estimation | shutdown:299 |   총 측정 횟수: 3
2026-01-31 19:37:52,258 | [32mINFO[0m | depth_estimation | shutdown:300 |   평균 오차율: 1.94%
2026-01-31 19:37:52,258 | [32mINFO[0m | depth_estimation | shutdown:301 |   오차율 표준편차: 1.34%
2026-01-31 19:37:52,258 | [32mINFO[0m | depth_estimation | shutdown:302 |   최소 오차율: 0.10%
2026-01-31 19:37:52,258 | [32mINFO[0m | depth_estimation | shutdown:303 |   최대 오차율: 3.25%
2026-01-31 19:37:52,258 | [32mINFO[0m | depth_estimation | shutdown:304 | ============================================================
2026-01-31 19:37:52,259 | [32mINFO[0m | depth_estimation | shutdown:309 | 종료 완료
2026-01-31 19:42:07,987 | [32mINFO[0m | depth_estimation | __init__:47 | ============================================================
2026-01-31 19:42:07,988 | [32mINFO[0m | depth_estimation | __init__:48 | ZED ArUco Depth Estimation v2.0 시작
2026-01-31 19:42:07,988 | [32mINFO[0m | depth_estimation | __init__:49 | ============================================================
2026-01-31 19:42:07,988 | [32mINFO[0m | depth_estimation.marker | __init__:62 | ArUco Detector 초기화 (레거시 API)
2026-01-31 19:42:07,988 | [32mINFO[0m | depth_estimation.marker | __init__:64 | 타겟 마커 ID: 30
2026-01-31 19:42:07,988 | [32mINFO[0m | depth_estimation.marker | __init__:65 | ArUco Dictionary: DICT_4X4_50
2026-01-31 19:42:07,994 | [32mINFO[0m | depth_estimation.web | __init__:60 | Flask 웹 서버 초기화 완료
2026-01-31 19:42:07,995 | [32mINFO[0m | depth_estimation | run:257 | ZED 카메라 초기화 중...
2026-01-31 19:42:11,107 | [32mINFO[0m | depth_estimation.camera | open:94 | ZED 카메라 초기화 완료
2026-01-31 19:42:11,108 | [32mINFO[0m | depth_estimation.camera | open:95 |   - 해상도: HD1080
2026-01-31 19:42:11,108 | [32mINFO[0m | depth_estimation.camera | open:96 |   - FPS: 30
2026-01-31 19:42:11,108 | [32mINFO[0m | depth_estimation.camera | open:97 |   - Depth 모드: NEURAL_PLUS
2026-01-31 19:42:11,109 | [32mINFO[0m | depth_estimation | _camera_loop:231 | 카메라 루프 시작
2026-01-31 19:42:11,109 | [32mINFO[0m | depth_estimation | run:266 | Flask 웹 서버 시작...
2026-01-31 19:42:11,261 | [32mINFO[0m | depth_estimation | run:267 | 브라우저에서 http://0.0.0.0:5000 접속
2026-01-31 19:42:11,262 | [32mINFO[0m | depth_estimation.web | run:245 | Flask 서버 시작: http://0.0.0.0:5000
2026-01-31 19:42:30,469 | [32mINFO[0m | depth_estimation.measurement | set_distance:252 | 측정 거리 설정: 1.300m
2026-01-31 19:42:30,469 | [32mINFO[0m | depth_estimation.web | set_distance:101 | 거리 설정: 1.3m
2026-01-31 19:42:36,803 | [32mINFO[0m | depth_estimation.measurement | add_measurement:242 | 측정 추가: 실제=1.300m, ZED=1322.7mm, 오차=1.74%
2026-01-31 19:42:36,830 | [32mINFO[0m | depth_estimation | _on_save_frame:101 | 이미지 저장: /home/cv_test/Desktop/depth_estimation/data/results/images/1.3m_194236.jpg
2026-01-31 19:42:36,830 | [32mINFO[0m | depth_estimation.web | save_frame:119 | 프레임 저장 요청 (#1)
2026-01-31 19:42:58,801 | [32mINFO[0m | depth_estimation.measurement | add_measurement:242 | 측정 추가: 실제=1.300m, ZED=1487.1mm, 오차=14.39%
2026-01-31 19:42:58,827 | [32mINFO[0m | depth_estimation | _on_save_frame:101 | 이미지 저장: /home/cv_test/Desktop/depth_estimation/data/results/images/1.3m_194258.jpg
2026-01-31 19:42:58,827 | [32mINFO[0m | depth_estimation.web | save_frame:119 | 프레임 저장 요청 (#2)
2026-01-31 19:43:36,925 | [32mINFO[0m | depth_estimation | _on_toggle_mode:109 | 측정 모드 변경: 윈도우
2026-01-31 19:43:36,926 | [32mINFO[0m | depth_estimation.web | toggle_mode:138 | 모드 변경: window
2026-01-31 19:43:37,800 | [32mINFO[0m | depth_estimation | _on_toggle_mode:109 | 측정 모드 변경: 마커 영역
2026-01-31 19:43:37,804 | [32mINFO[0m | depth_estimation.web | toggle_mode:138 | 모드 변경: marker_region
2026-01-31 19:43:39,495 | [32mINFO[0m | depth_estimation | _on_toggle_mode:109 | 측정 모드 변경: 윈도우
2026-01-31 19:43:39,496 | [32mINFO[0m | depth_estimation.web | toggle_mode:138 | 모드 변경: window
2026-01-31 19:43:41,604 | [32mINFO[0m | depth_estimation | _on_toggle_mode:109 | 측정 모드 변경: 마커 영역
2026-01-31 19:43:41,605 | [32mINFO[0m | depth_estimation.web | toggle_mode:138 | 모드 변경: marker_region
2026-01-31 19:46:35,493 | [32mINFO[0m | depth_estimation | _signal_handler:74 | 종료 시그널 수신
2026-01-31 19:46:35,493 | [32mINFO[0m | depth_estimation | shutdown:280 | 애플리케이션 종료 중...
2026-01-31 19:46:35,934 | [32mINFO[0m | depth_estimation.camera | close:182 | ZED 카메라 종료
2026-01-31 19:46:35,937 | [32mINFO[0m | depth_estimation.measurement | save_to_csv:280 | CSV 저장 완료: /home/cv_test/Desktop/depth_estimation/data/results/depth_val_20260131_194635.csv (2 기록)
2026-01-31 19:46:35,938 | [32mINFO[0m | depth_estimation | shutdown:293 | 측정 기록 저장 완료: /home/cv_test/Desktop/depth_estimation/data/results/depth_val_20260131_194635.csv
2026-01-31 19:46:35,938 | [32mINFO[0m | depth_estimation | shutdown:297 | ============================================================
2026-01-31 19:46:35,939 | [32mINFO[0m | depth_estimation | shutdown:298 | 측정 요약:
2026-01-31 19:46:35,939 | [32mINFO[0m | depth_estimation | shutdown:299 |   총 측정 횟수: 2
2026-01-31 19:46:35,939 | [32mINFO[0m | depth_estimation | shutdown:300 |   평균 오차율: 8.07%
2026-01-31 19:46:35,939 | [32mINFO[0m | depth_estimation | shutdown:301 |   오차율 표준편차: 6.32%
2026-01-31 19:46:35,940 | [32mINFO[0m | depth_estimation | shutdown:302 |   최소 오차율: 1.74%
2026-01-31 19:46:35,940 | [32mINFO[0m | depth_estimation | shutdown:303 |   최대 오차율: 14.39%
2026-01-31 19:46:35,940 | [32mINFO[0m | depth_estimation | shutdown:304 | ============================================================
2026-01-31 19:46:35,941 | [32mINFO[0m | depth_estimation | shutdown:309 | 종료 완료
2026-01-31 19:46:36,044 | [32mINFO[0m | depth_estimation | _camera_loop:251 | 카메라 루프 종료
2026-01-31 19:51:24,528 | [32mINFO[0m | depth_estimation | __init__:47 | ============================================================
2026-01-31 19:51:24,528 | [32mINFO[0m | depth_estimation | __init__:48 | ZED ArUco Depth Estimation v2.0 시작
2026-01-31 19:51:24,528 | [32mINFO[0m | depth_estimation | __init__:49 | ============================================================
2026-01-31 19:51:24,529 | [32mINFO[0m | depth_estimation.marker | __init__:62 | ArUco Detector 초기화 (레거시 API)
2026-01-31 19:51:24,529 | [32mINFO[0m | depth_estimation.marker | __init__:64 | 타겟 마커 ID: 30
2026-01-31 19:51:24,529 | [32mINFO[0m | depth_estimation.marker | __init__:65 | ArUco Dictionary: DICT_4X4_50
2026-01-31 19:51:24,535 | [32mINFO[0m | depth_estimation.web | __init__:60 | Flask 웹 서버 초기화 완료
2026-01-31 19:51:24,535 | [32mINFO[0m | depth_estimation | run:293 | ZED 카메라 초기화 중...
2026-01-31 19:51:27,589 | [32mINFO[0m | depth_estimation.camera | open:94 | ZED 카메라 초기화 완료
2026-01-31 19:51:27,590 | [32mINFO[0m | depth_estimation.camera | open:95 |   - 해상도: HD1080
2026-01-31 19:51:27,590 | [32mINFO[0m | depth_estimation.camera | open:96 |   - FPS: 30
2026-01-31 19:51:27,590 | [32mINFO[0m | depth_estimation.camera | open:97 |   - Depth 모드: NEURAL_PLUS
2026-01-31 19:51:27,591 | [32mINFO[0m | depth_estimation | _camera_loop:248 | 카메라 루프 시작
2026-01-31 19:51:27,591 | [32mINFO[0m | depth_estimation | run:302 | Flask 웹 서버 시작...
2026-01-31 19:51:27,771 | [32mINFO[0m | depth_estimation | run:303 | 브라우저에서 http://0.0.0.0:5000 접속
2026-01-31 19:51:27,772 | [32mINFO[0m | depth_estimation | run:304 | 종료하려면 Ctrl+C를 누르거나 웹 UI에서 '종료' 버튼을 클릭하세요
2026-01-31 19:51:45,139 | [32mINFO[0m | depth_estimation.measurement | set_distance:252 | 측정 거리 설정: 2.000m
2026-01-31 19:51:45,243 | [32mINFO[0m | depth_estimation.web | set_distance:101 | 거리 설정: 2.0m
2026-01-31 19:51:47,213 | [32mINFO[0m | depth_estimation.measurement | add_measurement:242 | 측정 추가: 실제=2.000m, ZED=1967.2mm, 오차=1.64%
2026-01-31 19:51:47,240 | [32mINFO[0m | depth_estimation | _on_save_frame:118 | ✓ 프레임 저장 성공: /home/cv_test/Desktop/depth_estimation/data/results/images/2.000m_195147.jpg
2026-01-31 19:51:47,240 | [32mINFO[0m | depth_estimation.web | save_frame:123 | ✓ 프레임 저장 성공 (#1)
2026-01-31 19:51:50,167 | [32mINFO[0m | depth_estimation.measurement | add_measurement:242 | 측정 추가: 실제=2.000m, ZED=1966.3mm, 오차=1.68%
2026-01-31 19:51:50,194 | [32mINFO[0m | depth_estimation | _on_save_frame:118 | ✓ 프레임 저장 성공: /home/cv_test/Desktop/depth_estimation/data/results/images/2.000m_195150.jpg
2026-01-31 19:51:50,194 | [32mINFO[0m | depth_estimation.web | save_frame:123 | ✓ 프레임 저장 성공 (#2)
2026-01-31 19:53:13,823 | [32mINFO[0m | depth_estimation | _signal_handler:74 | 종료 시그널 수신
2026-01-31 19:53:13,824 | [32mINFO[0m | depth_estimation | shutdown:331 | 
2026-01-31 19:53:13,824 | [32mINFO[0m | depth_estimation | shutdown:332 | ============================================================
2026-01-31 19:53:13,824 | [32mINFO[0m | depth_estimation | shutdown:333 | 애플리케이션 종료 중...
2026-01-31 19:53:13,825 | [32mINFO[0m | depth_estimation | shutdown:334 | ============================================================
2026-01-31 19:53:13,825 | [32mINFO[0m | depth_estimation | shutdown:338 | ✓ 카메라 루프 중지
2026-01-31 19:53:14,279 | [32mINFO[0m | depth_estimation | _camera_loop:268 | 카메라 루프 종료
2026-01-31 19:53:14,279 | [32mINFO[0m | depth_estimation.camera | close:182 | ZED 카메라 종료
2026-01-31 19:53:14,282 | [32mINFO[0m | depth_estimation | shutdown:343 | ✓ ZED 카메라 종료
2026-01-31 19:53:14,283 | [32mINFO[0m | depth_estimation.measurement | save_to_csv:280 | CSV 저장 완료: /home/cv_test/Desktop/depth_estimation/data/results/depth_val_20260131_195314.csv (2 기록)
2026-01-31 19:53:14,283 | [32mINFO[0m | depth_estimation | shutdown:349 | 
2026-01-31 19:53:14,283 | [32mINFO[0m | depth_estimation | shutdown:350 | ============================================================
2026-01-31 19:53:14,284 | [32mINFO[0m | depth_estimation | shutdown:351 | 📊 측정 기록 자동 저장 완료!
2026-01-31 19:53:14,284 | [32mINFO[0m | depth_estimation | shutdown:352 | ============================================================
2026-01-31 19:53:14,284 | [32mINFO[0m | depth_estimation | shutdown:353 | 📁 CSV 파일: /home/cv_test/Desktop/depth_estimation/data/results/depth_val_20260131_195314.csv
2026-01-31 19:53:14,284 | [32mINFO[0m | depth_estimation | shutdown:357 | 
2026-01-31 19:53:14,284 | [32mINFO[0m | depth_estimation | shutdown:358 | 📈 측정 요약:
2026-01-31 19:53:14,284 | [32mINFO[0m | depth_estimation | shutdown:359 |   • 총 측정 횟수: 2
2026-01-31 19:53:14,284 | [32mINFO[0m | depth_estimation | shutdown:360 |   • 평균 오차율: 1.66%
2026-01-31 19:53:14,285 | [32mINFO[0m | depth_estimation | shutdown:361 |   • 오차율 표준편차: 0.02%
2026-01-31 19:53:14,285 | [32mINFO[0m | depth_estimation | shutdown:362 |   • 최소 오차율: 1.64%
2026-01-31 19:53:14,285 | [32mINFO[0m | depth_estimation | shutdown:363 |   • 최대 오차율: 1.68%
2026-01-31 19:53:14,285 | [32mINFO[0m | depth_estimation | shutdown:364 | ============================================================
2026-01-31 19:53:14,285 | [32mINFO[0m | depth_estimation | shutdown:371 | 
2026-01-31 19:53:14,285 | [32mINFO[0m | depth_estimation | shutdown:372 | ✅ 종료 완료
2026-01-31 19:53:14,285 | [32mINFO[0m | depth_estimation | shutdown:373 | ============================================================
2026-01-31 19:53:14,285 | [32mINFO[0m | depth_estimation | shutdown:331 | 
2026-01-31 19:53:14,285 | [32mINFO[0m | depth_estimation | shutdown:332 | ============================================================
2026-01-31 19:53:14,285 | [32mINFO[0m | depth_estimation | shutdown:333 | 애플리케이션 종료 중...
2026-01-31 19:53:14,285 | [32mINFO[0m | depth_estimation | shutdown:334 | ============================================================
2026-01-31 19:53:14,285 | [32mINFO[0m | depth_estimation | shutdown:338 | ✓ 카메라 루프 중지
2026-01-31 19:53:14,286 | [32mINFO[0m | depth_estimation | shutdown:343 | ✓ ZED 카메라 종료
2026-01-31 19:53:14,286 | [32mINFO[0m | depth_estimation.measurement | save_to_csv:280 | CSV 저장 완료: /home/cv_test/Desktop/depth_estimation/data/results/depth_val_20260131_195314.csv (2 기록)
2026-01-31 19:53:14,287 | [32mINFO[0m | depth_estimation | shutdown:349 | 
2026-01-31 19:53:14,287 | [32mINFO[0m | depth_estimation | shutdown:350 | ============================================================
2026-01-31 19:53:14,287 | [32mINFO[0m | depth_estimation | shutdown:351 | 📊 측정 기록 자동 저장 완료!
2026-01-31 19:53:14,287 | [32mINFO[0m | depth_estimation | shutdown:352 | ============================================================
2026-01-31 19:53:14,287 | [32mINFO[0m | depth_estimation | shutdown:353 | 📁 CSV 파일: /home/cv_test/Desktop/depth_estimation/data/results/depth_val_20260131_195314.csv
2026-01-31 19:53:14,287 | [32mINFO[0m | depth_estimation | shutdown:357 | 
2026-01-31 19:53:14,287 | [32mINFO[0m | depth_estimation | shutdown:358 | 📈 측정 요약:
2026-01-31 19:53:14,288 | [32mINFO[0m | depth_estimation | shutdown:359 |   • 총 측정 횟수: 2
2026-01-31 19:53:14,288 | [32mINFO[0m | depth_estimation | shutdown:360 |   • 평균 오차율: 1.66%
2026-01-31 19:53:14,288 | [32mINFO[0m | depth_estimation | shutdown:361 |   • 오차율 표준편차: 0.02%
2026-01-31 19:53:14,288 | [32mINFO[0m | depth_estimation | shutdown:362 |   • 최소 오차율: 1.64%
2026-01-31 19:53:14,288 | [32mINFO[0m | depth_estimation | shutdown:363 |   • 최대 오차율: 1.68%
2026-01-31 19:53:14,288 | [32mINFO[0m | depth_estimation | shutdown:364 | ============================================================
2026-01-31 19:53:14,288 | [32mINFO[0m | depth_estimation | shutdown:371 | 
2026-01-31 19:53:14,288 | [32mINFO[0m | depth_estimation | shutdown:372 | ✅ 종료 완료
2026-01-31 19:53:14,288 | [32mINFO[0m | depth_estimation | shutdown:373 | ============================================================
2026-01-31 19:56:03,968 | [32mINFO[0m | depth_estimation | __init__:47 | ============================================================
2026-01-31 19:56:03,968 | [32mINFO[0m | depth_estimation | __init__:48 | ZED ArUco Depth Estimation v2.0 시작
2026-01-31 19:56:03,968 | [32mINFO[0m | depth_estimation | __init__:49 | ============================================================
2026-01-31 19:56:03,968 | [32mINFO[0m | depth_estimation.marker | __init__:62 | ArUco Detector 초기화 (레거시 API)
2026-01-31 19:56:03,968 | [32mINFO[0m | depth_estimation.marker | __init__:64 | 타겟 마커 ID: 30
2026-01-31 19:56:03,968 | [32mINFO[0m | depth_estimation.marker | __init__:65 | ArUco Dictionary: DICT_4X4_50
2026-01-31 19:56:03,975 | [32mINFO[0m | depth_estimation.web | __init__:60 | Flask 웹 서버 초기화 완료
2026-01-31 19:56:03,975 | [32mINFO[0m | depth_estimation | run:295 | ZED 카메라 초기화 중...
2026-01-31 19:56:07,088 | [32mINFO[0m | depth_estimation.camera | open:94 | ZED 카메라 초기화 완료
2026-01-31 19:56:07,089 | [32mINFO[0m | depth_estimation.camera | open:95 |   - 해상도: HD1080
2026-01-31 19:56:07,089 | [32mINFO[0m | depth_estimation.camera | open:96 |   - FPS: 30
2026-01-31 19:56:07,089 | [32mINFO[0m | depth_estimation.camera | open:97 |   - Depth 모드: NEURAL_PLUS
2026-01-31 19:56:07,090 | [32mINFO[0m | depth_estimation | _camera_loop:250 | 카메라 루프 시작
2026-01-31 19:56:07,090 | [32mINFO[0m | depth_estimation | run:304 | Flask 웹 서버 시작...
2026-01-31 19:56:07,251 | [32mINFO[0m | depth_estimation | run:305 | 브라우저에서 http://0.0.0.0:5000 접속
2026-01-31 19:56:07,252 | [32mINFO[0m | depth_estimation | run:306 | 종료하려면 Ctrl+C를 누르거나 웹 UI에서 '종료' 버튼을 클릭하세요
2026-01-31 19:56:16,468 | [32mINFO[0m | depth_estimation.measurement | set_distance:256 | 측정 거리 설정: 2.000m
2026-01-31 19:56:16,468 | [32mINFO[0m | depth_estimation.web | set_distance:101 | 거리 설정: 2.0m
2026-01-31 19:56:19,702 | [32mINFO[0m | depth_estimation.measurement | add_measurement:246 | 측정 추가: 실제=2.000m, ZED=1966.4mm, 오차=1.68%
2026-01-31 19:56:19,702 | [32mINFO[0m | depth_estimation | _on_save_frame:120 | ✓ 프레임 저장 성공: /home/cv_test/Desktop/depth_estimation/data/results/images/2.000m_195619.jpg
2026-01-31 19:56:19,702 | [32mINFO[0m | depth_estimation.web | save_frame:123 | ✓ 프레임 저장 성공 (#1)
2026-01-31 19:56:21,964 | [32mINFO[0m | depth_estimation.measurement | add_measurement:246 | 측정 추가: 실제=2.000m, ZED=1965.1mm, 오차=1.75%
2026-01-31 19:56:21,964 | [32mINFO[0m | depth_estimation | _on_save_frame:120 | ✓ 프레임 저장 성공: /home/cv_test/Desktop/depth_estimation/data/results/images/2.000m_195621.jpg
2026-01-31 19:56:21,964 | [32mINFO[0m | depth_estimation.web | save_frame:123 | ✓ 프레임 저장 성공 (#2)
2026-01-31 19:56:23,992 | [32mINFO[0m | depth_estimation.measurement | add_measurement:246 | 측정 추가: 실제=2.000m, ZED=1965.7mm, 오차=1.72%
2026-01-31 19:56:23,993 | [32mINFO[0m | depth_estimation | _on_save_frame:120 | ✓ 프레임 저장 성공: /home/cv_test/Desktop/depth_estimation/data/results/images/2.000m_195623.jpg
2026-01-31 19:56:23,993 | [32mINFO[0m | depth_estimation.web | save_frame:123 | ✓ 프레임 저장 성공 (#3)
2026-01-31 19:56:31,676 | [32mINFO[0m | depth_estimation.web | shutdown:176 | ============================================================
2026-01-31 19:56:31,679 | [32mINFO[0m | depth_estimation.web | shutdown:177 | 웹 UI에서 종료 요청 수신
2026-01-31 19:56:31,680 | [32mINFO[0m | depth_estimation.web | shutdown:178 | ============================================================
2026-01-31 19:56:32,263 | [32mINFO[0m | depth_estimation | shutdown:333 | 
2026-01-31 19:56:32,263 | [32mINFO[0m | depth_estimation | shutdown:334 | ============================================================
2026-01-31 19:56:32,264 | [32mINFO[0m | depth_estimation | shutdown:335 | 애플리케이션 종료 중...
2026-01-31 19:56:32,264 | [32mINFO[0m | depth_estimation | shutdown:336 | ============================================================
2026-01-31 19:56:32,264 | [32mINFO[0m | depth_estimation | shutdown:340 | ✓ 카메라 루프 중지
2026-01-31 19:56:32,700 | [32mINFO[0m | depth_estimation.camera | close:182 | ZED 카메라 종료
2026-01-31 19:56:32,700 | [32mINFO[0m | depth_estimation | shutdown:345 | ✓ ZED 카메라 종료
2026-01-31 19:56:32,702 | [32mINFO[0m | depth_estimation.measurement | save_to_csv:284 | CSV 저장 완료: /home/cv_test/Desktop/depth_estimation/data/results/depth_val_20260131_195632.csv (3 기록)
2026-01-31 19:56:32,702 | [32mINFO[0m | depth_estimation | shutdown:351 | 
2026-01-31 19:56:32,702 | [32mINFO[0m | depth_estimation | shutdown:352 | ============================================================
2026-01-31 19:56:32,702 | [32mINFO[0m | depth_estimation | shutdown:353 | 📊 측정 기록 자동 저장 완료!
2026-01-31 19:56:32,703 | [32mINFO[0m | depth_estimation | shutdown:354 | ============================================================
2026-01-31 19:56:32,703 | [32mINFO[0m | depth_estimation | shutdown:355 | 📁 CSV 파일: /home/cv_test/Desktop/depth_estimation/data/results/depth_val_20260131_195632.csv
2026-01-31 19:56:32,704 | [32mINFO[0m | depth_estimation | shutdown:359 | 
2026-01-31 19:56:32,704 | [32mINFO[0m | depth_estimation | shutdown:360 | 📈 측정 요약:
2026-01-31 19:56:32,704 | [32mINFO[0m | depth_estimation | shutdown:361 |   • 총 측정 횟수: 3
2026-01-31 19:56:32,704 | [32mINFO[0m | depth_estimation | shutdown:362 |   • 평균 오차율: 1.71%
2026-01-31 19:56:32,704 | [32mINFO[0m | depth_estimation | shutdown:363 |   • 오차율 표준편차: 0.03%
2026-01-31 19:56:32,704 | [32mINFO[0m | depth_estimation | shutdown:364 |   • 최소 오차율: 1.68%
2026-01-31 19:56:32,704 | [32mINFO[0m | depth_estimation | shutdown:365 |   • 최대 오차율: 1.75%
2026-01-31 19:56:32,705 | [32mINFO[0m | depth_estimation | shutdown:366 | ============================================================
2026-01-31 19:56:32,705 | [32mINFO[0m | depth_estimation | shutdown:373 | 
2026-01-31 19:56:32,705 | [32mINFO[0m | depth_estimation | shutdown:374 | ✅ 종료 완료
2026-01-31 19:56:32,705 | [32mINFO[0m | depth_estimation | shutdown:375 | ============================================================
2026-01-31 20:04:03,970 | [32mINFO[0m | depth_estimation | __init__:47 | ============================================================
2026-01-31 20:04:03,970 | [32mINFO[0m | depth_estimation | __init__:48 | ZED ArUco Depth Estimation v2.0 시작
2026-01-31 20:04:03,970 | [32mINFO[0m | depth_estimation | __init__:49 | ============================================================
2026-01-31 20:04:03,971 | [32mINFO[0m | depth_estimation.marker | __init__:62 | ArUco Detector 초기화 (레거시 API)
2026-01-31 20:04:03,971 | [32mINFO[0m | depth_estimation.marker | __init__:64 | 타겟 마커 ID: 30
2026-01-31 20:04:03,971 | [32mINFO[0m | depth_estimation.marker | __init__:65 | ArUco Dictionary: DICT_4X4_50
2026-01-31 20:04:03,977 | [32mINFO[0m | depth_estimation.web | __init__:60 | Flask 웹 서버 초기화 완료
2026-01-31 20:04:03,977 | [32mINFO[0m | depth_estimation | run:304 | ZED 카메라 초기화 중...
2026-01-31 20:04:07,147 | [32mINFO[0m | depth_estimation.camera | open:94 | ZED 카메라 초기화 완료
2026-01-31 20:04:07,148 | [32mINFO[0m | depth_estimation.camera | open:95 |   - 해상도: HD1080
2026-01-31 20:04:07,148 | [32mINFO[0m | depth_estimation.camera | open:96 |   - FPS: 30
2026-01-31 20:04:07,148 | [32mINFO[0m | depth_estimation.camera | open:97 |   - Depth 모드: NEURAL_PLUS
2026-01-31 20:04:07,149 | [32mINFO[0m | depth_estimation | _camera_loop:259 | 카메라 루프 시작
2026-01-31 20:04:07,149 | [32mINFO[0m | depth_estimation | run:313 | Flask 웹 서버 시작...
2026-01-31 20:04:07,312 | [32mINFO[0m | depth_estimation | run:314 | 브라우저에서 http://0.0.0.0:5000 접속
2026-01-31 20:04:07,313 | [32mINFO[0m | depth_estimation | run:315 | 종료하려면 Ctrl+C를 누르거나 웹 UI에서 '종료' 버튼을 클릭하세요
2026-01-31 20:04:37,547 | [32mINFO[0m | depth_estimation.measurement | set_distance:256 | 측정 거리 설정: 2.000m
2026-01-31 20:04:37,636 | [32mINFO[0m | depth_estimation.web | set_distance:101 | 거리 설정: 2.0m
2026-01-31 20:04:39,212 | [32mINFO[0m | depth_estimation.measurement | add_measurement:246 | 측정 추가: 실제=2.000m, ZED=1965.0mm, 오차=1.75%
2026-01-31 20:04:39,212 | [32mINFO[0m | depth_estimation | _on_save_frame:128 | ✓ 프레임 저장 성공: /home/cv_test/Desktop/depth_estimation/data/results/images/2.000m_200439.jpg
2026-01-31 20:04:39,212 | [32mINFO[0m | depth_estimation.web | save_frame:123 | ✓ 프레임 저장 성공 (#1)
2026-01-31 20:04:40,340 | [32mINFO[0m | depth_estimation.measurement | add_measurement:246 | 측정 추가: 실제=2.000m, ZED=1964.6mm, 오차=1.77%
2026-01-31 20:04:40,340 | [32mINFO[0m | depth_estimation | _on_save_frame:128 | ✓ 프레임 저장 성공: /home/cv_test/Desktop/depth_estimation/data/results/images/2.000m_200440.jpg
2026-01-31 20:04:40,340 | [32mINFO[0m | depth_estimation.web | save_frame:123 | ✓ 프레임 저장 성공 (#2)
2026-01-31 20:04:40,595 | [32mINFO[0m | depth_estimation.measurement | add_measurement:246 | 측정 추가: 실제=2.000m, ZED=1964.6mm, 오차=1.77%
2026-01-31 20:04:40,595 | [32mINFO[0m | depth_estimation | _on_save_frame:128 | ✓ 프레임 저장 성공: /home/cv_test/Desktop/depth_estimation/data/results/images/2.000m_200440.jpg
2026-01-31 20:04:40,595 | [32mINFO[0m | depth_estimation.web | save_frame:123 | ✓ 프레임 저장 성공 (#3)
2026-01-31 20:04:40,798 | [32mINFO[0m | depth_estimation.measurement | add_measurement:246 | 측정 추가: 실제=2.000m, ZED=1965.0mm, 오차=1.75%
2026-01-31 20:04:40,798 | [32mINFO[0m | depth_estimation | _on_save_frame:128 | ✓ 프레임 저장 성공: /home/cv_test/Desktop/depth_estimation/data/results/images/2.000m_200440.jpg
2026-01-31 20:04:40,798 | [32mINFO[0m | depth_estimation.web | save_frame:123 | ✓ 프레임 저장 성공 (#4)
2026-01-31 20:04:40,919 | [32mINFO[0m | depth_estimation.measurement | add_measurement:246 | 측정 추가: 실제=2.000m, ZED=1965.3mm, 오차=1.74%
2026-01-31 20:04:40,919 | [32mINFO[0m | depth_estimation | _on_save_frame:128 | ✓ 프레임 저장 성공: /home/cv_test/Desktop/depth_estimation/data/results/images/2.000m_200440.jpg
2026-01-31 20:04:40,919 | [32mINFO[0m | depth_estimation.web | save_frame:123 | ✓ 프레임 저장 성공 (#5)
2026-01-31 20:04:41,071 | [32mINFO[0m | depth_estimation.measurement | add_measurement:246 | 측정 추가: 실제=2.000m, ZED=1965.3mm, 오차=1.74%
2026-01-31 20:04:41,071 | [32mINFO[0m | depth_estimation | _on_save_frame:128 | ✓ 프레임 저장 성공: /home/cv_test/Desktop/depth_estimation/data/results/images/2.000m_200441.jpg
2026-01-31 20:04:41,072 | [32mINFO[0m | depth_estimation.web | save_frame:123 | ✓ 프레임 저장 성공 (#6)
2026-01-31 20:04:41,365 | [32mINFO[0m | depth_estimation.measurement | add_measurement:246 | 측정 추가: 실제=2.000m, ZED=1965.6mm, 오차=1.72%
2026-01-31 20:04:41,365 | [32mINFO[0m | depth_estimation | _on_save_frame:128 | ✓ 프레임 저장 성공: /home/cv_test/Desktop/depth_estimation/data/results/images/2.000m_200441.jpg
2026-01-31 20:04:41,365 | [32mINFO[0m | depth_estimation.web | save_frame:123 | ✓ 프레임 저장 성공 (#7)
2026-01-31 20:04:41,373 | [32mINFO[0m | depth_estimation.measurement | add_measurement:246 | 측정 추가: 실제=2.000m, ZED=1965.6mm, 오차=1.72%
2026-01-31 20:04:41,373 | [32mINFO[0m | depth_estimation | _on_save_frame:128 | ✓ 프레임 저장 성공: /home/cv_test/Desktop/depth_estimation/data/results/images/2.000m_200441.jpg
2026-01-31 20:04:41,373 | [32mINFO[0m | depth_estimation.web | save_frame:123 | ✓ 프레임 저장 성공 (#8)
2026-01-31 20:04:41,658 | [32mINFO[0m | depth_estimation.measurement | add_measurement:246 | 측정 추가: 실제=2.000m, ZED=1964.7mm, 오차=1.76%
2026-01-31 20:04:41,659 | [32mINFO[0m | depth_estimation | _on_save_frame:128 | ✓ 프레임 저장 성공: /home/cv_test/Desktop/depth_estimation/data/results/images/2.000m_200441.jpg
2026-01-31 20:04:41,659 | [32mINFO[0m | depth_estimation.web | save_frame:123 | ✓ 프레임 저장 성공 (#9)
2026-01-31 20:04:41,759 | [32mINFO[0m | depth_estimation.measurement | add_measurement:246 | 측정 추가: 실제=2.000m, ZED=1964.7mm, 오차=1.76%
2026-01-31 20:04:41,760 | [32mINFO[0m | depth_estimation | _on_save_frame:128 | ✓ 프레임 저장 성공: /home/cv_test/Desktop/depth_estimation/data/results/images/2.000m_200441.jpg
2026-01-31 20:04:41,760 | [32mINFO[0m | depth_estimation.web | save_frame:123 | ✓ 프레임 저장 성공 (#10)
2026-01-31 20:04:42,237 | [32mINFO[0m | depth_estimation.measurement | add_measurement:246 | 측정 추가: 실제=2.000m, ZED=1964.4mm, 오차=1.78%
2026-01-31 20:04:42,238 | [32mINFO[0m | depth_estimation | _on_save_frame:128 | ✓ 프레임 저장 성공: /home/cv_test/Desktop/depth_estimation/data/results/images/2.000m_200442.jpg
2026-01-31 20:04:42,238 | [32mINFO[0m | depth_estimation.web | save_frame:123 | ✓ 프레임 저장 성공 (#11)
2026-01-31 20:04:42,763 | [32mINFO[0m | depth_estimation.measurement | add_measurement:246 | 측정 추가: 실제=2.000m, ZED=1964.7mm, 오차=1.77%
2026-01-31 20:04:42,764 | [32mINFO[0m | depth_estimation | _on_save_frame:128 | ✓ 프레임 저장 성공: /home/cv_test/Desktop/depth_estimation/data/results/images/2.000m_200442.jpg
2026-01-31 20:04:42,765 | [32mINFO[0m | depth_estimation.web | save_frame:123 | ✓ 프레임 저장 성공 (#12)
2026-01-31 20:04:42,818 | [32mINFO[0m | depth_estimation.measurement | add_measurement:246 | 측정 추가: 실제=2.000m, ZED=1964.7mm, 오차=1.77%
2026-01-31 20:04:42,819 | [32mINFO[0m | depth_estimation | _on_save_frame:128 | ✓ 프레임 저장 성공: /home/cv_test/Desktop/depth_estimation/data/results/images/2.000m_200442.jpg
2026-01-31 20:04:42,819 | [32mINFO[0m | depth_estimation.web | save_frame:123 | ✓ 프레임 저장 성공 (#13)
2026-01-31 20:04:43,090 | [32mINFO[0m | depth_estimation.measurement | add_measurement:246 | 측정 추가: 실제=2.000m, ZED=1964.6mm, 오차=1.77%
2026-01-31 20:04:43,090 | [32mINFO[0m | depth_estimation | _on_save_frame:128 | ✓ 프레임 저장 성공: /home/cv_test/Desktop/depth_estimation/data/results/images/2.000m_200443.jpg
2026-01-31 20:04:43,091 | [32mINFO[0m | depth_estimation.web | save_frame:123 | ✓ 프레임 저장 성공 (#14)
2026-01-31 20:04:43,359 | [32mINFO[0m | depth_estimation.measurement | add_measurement:246 | 측정 추가: 실제=2.000m, ZED=1965.6mm, 오차=1.72%
2026-01-31 20:04:43,360 | [32mINFO[0m | depth_estimation | _on_save_frame:128 | ✓ 프레임 저장 성공: /home/cv_test/Desktop/depth_estimation/data/results/images/2.000m_200443.jpg
2026-01-31 20:04:43,360 | [32mINFO[0m | depth_estimation.web | save_frame:123 | ✓ 프레임 저장 성공 (#15)
2026-01-31 20:04:43,606 | [32mINFO[0m | depth_estimation.measurement | add_measurement:246 | 측정 추가: 실제=2.000m, ZED=1965.0mm, 오차=1.75%
2026-01-31 20:04:43,607 | [32mINFO[0m | depth_estimation | _on_save_frame:128 | ✓ 프레임 저장 성공: /home/cv_test/Desktop/depth_estimation/data/results/images/2.000m_200443.jpg
2026-01-31 20:04:43,607 | [32mINFO[0m | depth_estimation.web | save_frame:123 | ✓ 프레임 저장 성공 (#16)
2026-01-31 20:04:43,654 | [32mINFO[0m | depth_estimation.measurement | add_measurement:246 | 측정 추가: 실제=2.000m, ZED=1965.0mm, 오차=1.75%
2026-01-31 20:04:43,654 | [32mINFO[0m | depth_estimation | _on_save_frame:128 | ✓ 프레임 저장 성공: /home/cv_test/Desktop/depth_estimation/data/results/images/2.000m_200443.jpg
2026-01-31 20:04:43,654 | [32mINFO[0m | depth_estimation.web | save_frame:123 | ✓ 프레임 저장 성공 (#18)
2026-01-31 20:04:43,851 | [32mINFO[0m | depth_estimation.measurement | add_measurement:246 | 측정 추가: 실제=2.000m, ZED=1965.6mm, 오차=1.72%
2026-01-31 20:04:43,851 | [32mINFO[0m | depth_estimation | _on_save_frame:128 | ✓ 프레임 저장 성공: /home/cv_test/Desktop/depth_estimation/data/results/images/2.000m_200443.jpg
2026-01-31 20:04:43,851 | [32mINFO[0m | depth_estimation.web | save_frame:123 | ✓ 프레임 저장 성공 (#19)
2026-01-31 20:04:44,137 | [32mINFO[0m | depth_estimation.measurement | add_measurement:246 | 측정 추가: 실제=2.000m, ZED=1965.8mm, 오차=1.71%
2026-01-31 20:04:44,137 | [32mINFO[0m | depth_estimation | _on_save_frame:128 | ✓ 프레임 저장 성공: /home/cv_test/Desktop/depth_estimation/data/results/images/2.000m_200444.jpg
2026-01-31 20:04:44,137 | [32mINFO[0m | depth_estimation.web | save_frame:123 | ✓ 프레임 저장 성공 (#19)
2026-01-31 20:04:45,281 | [32mINFO[0m | depth_estimation.measurement | add_measurement:246 | 측정 추가: 실제=2.000m, ZED=1965.2mm, 오차=1.74%
2026-01-31 20:04:45,281 | [32mINFO[0m | depth_estimation | _on_save_frame:128 | ✓ 프레임 저장 성공: /home/cv_test/Desktop/depth_estimation/data/results/images/2.000m_200445.jpg
2026-01-31 20:04:45,281 | [32mINFO[0m | depth_estimation.web | save_frame:123 | ✓ 프레임 저장 성공 (#20)
2026-01-31 20:04:51,967 | [32mINFO[0m | depth_estimation.web | shutdown:176 | ============================================================
2026-01-31 20:04:51,968 | [32mINFO[0m | depth_estimation.web | shutdown:177 | 웹 UI에서 종료 요청 수신
2026-01-31 20:04:51,968 | [32mINFO[0m | depth_estimation.web | shutdown:178 | ============================================================
2026-01-31 20:04:52,535 | [32mINFO[0m | depth_estimation | shutdown:342 | 
2026-01-31 20:04:52,536 | [32mINFO[0m | depth_estimation | shutdown:343 | ============================================================
2026-01-31 20:04:52,536 | [32mINFO[0m | depth_estimation | shutdown:344 | 애플리케이션 종료 중...
2026-01-31 20:04:52,536 | [32mINFO[0m | depth_estimation | shutdown:345 | ============================================================
2026-01-31 20:04:52,537 | [32mINFO[0m | depth_estimation | shutdown:349 | ✓ 카메라 루프 중지
2026-01-31 20:04:52,984 | [32mINFO[0m | depth_estimation.camera | close:182 | ZED 카메라 종료
2026-01-31 20:04:52,987 | [32mINFO[0m | depth_estimation | shutdown:354 | ✓ ZED 카메라 종료
2026-01-31 20:04:52,990 | [32mINFO[0m | depth_estimation.measurement | save_to_csv:284 | CSV 저장 완료: /home/cv_test/Desktop/depth_estimation/data/results/depth_val_20260131_200452.csv (20 기록)
2026-01-31 20:04:52,990 | [32mINFO[0m | depth_estimation | shutdown:360 | 
2026-01-31 20:04:52,991 | [32mINFO[0m | depth_estimation | shutdown:361 | ============================================================
2026-01-31 20:04:52,991 | [32mINFO[0m | depth_estimation | shutdown:362 | 📊 측정 기록 자동 저장 완료!
2026-01-31 20:04:52,991 | [32mINFO[0m | depth_estimation | shutdown:363 | ============================================================
2026-01-31 20:04:52,991 | [32mINFO[0m | depth_estimation | shutdown:364 | 📁 CSV 파일: /home/cv_test/Desktop/depth_estimation/data/results/depth_val_20260131_200452.csv
2026-01-31 20:04:52,991 | [32mINFO[0m | depth_estimation | shutdown:368 | 
2026-01-31 20:04:52,992 | [32mINFO[0m | depth_estimation | shutdown:369 | 📈 측정 요약:
2026-01-31 20:04:52,992 | [32mINFO[0m | depth_estimation | shutdown:370 |   • 총 측정 횟수: 20
2026-01-31 20:04:52,992 | [32mINFO[0m | depth_estimation | shutdown:371 |   • 평균 오차율: 1.75%
2026-01-31 20:04:52,992 | [32mINFO[0m | depth_estimation | shutdown:372 |   • 오차율 표준편차: 0.02%
2026-01-31 20:04:52,992 | [32mINFO[0m | depth_estimation | shutdown:373 |   • 최소 오차율: 1.71%
2026-01-31 20:04:52,992 | [32mINFO[0m | depth_estimation | shutdown:374 |   • 최대 오차율: 1.78%
2026-01-31 20:04:52,992 | [32mINFO[0m | depth_estimation | shutdown:375 | ============================================================
2026-01-31 20:04:52,992 | [32mINFO[0m | depth_estimation | shutdown:382 | 
2026-01-31 20:04:52,992 | [32mINFO[0m | depth_estimation | shutdown:383 | ✅ 종료 완료
2026-01-31 20:04:52,993 | [32mINFO[0m | depth_estimation | shutdown:384 | ============================================================
